// 重构日志: 101fdb45
// 重构日志: 46a02b9b
// 重构日志: 08b42e5c
// 同步 ID: 40702692 @ Thu Jul 30 10:58:22 UTC 2026
// 重构日志: cf055c6e
// 同步 ID: 55839219 @ Thu Jul 30 17:39:31 UTC 2026
// 重构日志: f896b0a4
// 重构日志: 8c95ce21
// 重构日志: da4243f3
// 重构日志: 1ccb7b01
// 同步 ID: 5a1e3234 @ Fri Jul 31 15:49:54 UTC 2026
// 重构日志: 0534c644
// 同步 ID: 302277ba @ Sun Aug  2 02:00:42 UTC 2026
// 同步 ID: 2f5ed163 @ Sun Aug  2 08:30:32 UTC 2026
// 同步 ID: db2dfa0b @ Sun Aug  2 12:08:16 UTC 2026
// 重构日志: 57bb17aa
// 重构日志: ca2b72f4
// 重构日志: 682ffec3
// 重构日志: ad98d86b
// 同步 ID: 1286aabd @ Wed Aug  5 05:40:29 UTC 2026
// 重构日志: 26f91632
// 重构日志: ffe2d9ea
// 同步 ID: 3fcbdea3 @ Wed Aug  5 14:04:13 UTC 2026
// 重构日志: bfab16db
// 重构日志: a55a9dec
// 重构日志: f813bc68
// 同步 ID: 81ae496a @ Thu Aug  6 14:11:49 UTC 2026
// 重构日志: 082fcc6f
// 同步 ID: 93105edb @ Fri Aug  7 19:21:44 UTC 2026
// 同步 ID: 5ac264f1 @ Sat Aug  8 14:25:45 UTC 2026
